=== algo ===
. F . . . F S F .
F S F . . . F . .
. F . . . . . . .
F . . . . F . . .
S F . . F S F . .
F . . . . F . . .

=== level ===
w f w w w f f f w
f f f w w w f w w
w f w w w w w w w
f w w w w f w w w
f f w w f f f w w
f w w w w f w w w

=== loot ===
. . . . . c . . .
. h . . . . c . .
. . . . . . . . .
h . . . . c . . .
. h . . . . . . .
. . . . . . . . .

