=== a ===
. . . . . . . . . . . F . F F F F . . . . . . . . . . . . . . . . . . . . . . .
. . . . . . . . . . . F . F S F F . . . . . . . . . . . . . . . . . . . . . . .
. . . . . . . . . . . F . F F F . . . . . . . . . . . . . . . . . . . . . . . .
. . . . . . . . . . . F F F F F . . . . . . . . . . . . . . . . . . . . . . . .
. . . . . . . . . . . . F F F F . . . . . . . . . . . . . . . . . . . . . . . .
. . . . . . . . . . . . F F F F . . . . . . . . . . . . . . . . . . . . . . . .
. . . . . . . . . . . . . F F . . . . . . . . . . . . . . . . . . . . . . . . .
. . . . . . . . . . . . . F F . . . . . . . . . . . . . . . . . . . . . . . . .
. . . . . . . . . . . . . . . . . . . . . . . . . . . . . . . . . . . . . . . .
. . . . . . . . . . . . . . . . . . . . . . . . . . . . . . . . . . . . . . . .
. . . . . . . . . . . . . . . . . . . . . . . . . . . . . . . . . . . . . . . .
. . . . . . . . . . . . . . . . . . . . . . . . . . . . . . . . . . . . . . . .
. . . . . . . . . . . . . . . . . . . . . . . . . . . . . . . . . . . . . . . .
. . . . . . . . . . . . . . . . . . . . . . . . . . . . . . . . . . . . . . . .
. . . . . . . . . . . . . . . . . . . . . . . . . . . . . . . . . . . . . . . .
. . . . . . . . . . . . . . . . . . . . . . . . . . . . . . . . . . . . . . . .
. . . . . . . . . . . . . . . . . . . . . . . . . . . . . . . . . . . . . . . .
. . . . . . . . . . . . . . . . . . . . . . . . . . . . . . . . . . . . . . . .
. . . . . . . . . . . . . . . . . . . . . . . . . . . . . . . . . . . . . . . .
. . . . . . . . . . . . . . . . . . . . . . . . . . . . . . . . . . . . . . . .

=== level ===
. . . . . . . . . . . f . f f f f . . . . . . . . . . . . . . . . . . . . . . .
. . . . . . . . . . . f . f f f f . . . . . . . . . . . . . . . . . . . . . . .
. . . . . . . . . . . f . f f f . . . . . . . . . . . . . . . . . . . . . . . .
. . . . . . . . . . . f f f f f . . . . . . . . . . . . . . . . . . . . . . . .
. . . . . . . . . . . . f f f f . . . . . . . . . . . . . . . . . . . . . . . .
. . . . . . . . . . . . f f f f . . . . . . . . . . . . . . . . . . . . . . . .
. . . . . . . . . . . . . f f . . . . . . . . . . . . . . . . . . . . . . . . .
. . . . . . . . . . . . . f f . . . . . . . . . . . . . . . . . . . . . . . . .
. . . . . . . . . . . . . . . . . . . . . . . . . . . . . . . . . . . . . . . .
. . . . . . . . . . . . . . . . . . . . . . . . . . . . . . . . . . . . . . . .
. . . . . . . . . . . . . . . . . . . . . . . . . . . . . . . . . . . . . . . .
. . . . . . . . . . . . . . . . . . . . . . . . . . . . . . . . . . . . . . . .
. . . . . . . . . . . . . . . . . . . . . . . . . . . . . . . . . . . . . . . .
. . . . . . . . . . . . . . . . . . . . . . . . . . . . . . . . . . . . . . . .
. . . . . . . . . . . . . . . . . . . . . . . . . . . . . . . . . . . . . . . .
. . . . . . . . . . . . . . . . . . . . . . . . . . . . . . . . . . . . . . . .
. . . . . . . . . . . . . . . . . . . . . . . . . . . . . . . . . . . . . . . .
. . . . . . . . . . . . . . . . . . . . . . . . . . . . . . . . . . . . . . . .
. . . . . . . . . . . . . . . . . . . . . . . . . . . . . . . . . . . . . . . .
. . . . . . . . . . . . . . . . . . . . . . . . . . . . . . . . . . . . . . . .

