=== a ===
. . . . . . . . . . . . . . . . . . . . . . . . . . . . . . . . . . . . . . . . . . . . . . . . . . . . . . . . . . . .
. . . . . . . . . . . . . . . . . . . . . . . . . . . . . . . . . . . . . . . . . . . . . . . . . . . . . . . . . . . .
. . . . . . . . . . . . . . . . . . . . . . . . . . . . . . . . . . . . . . . . . . . . . . . . . . . . . . . . r r r .
. . . . . . . . . . . . . . . . . . . . . . . . . . . . . . . . . . . . . . . . . . . . . . . . . . . . . . . . r s r .
. . . . . . . . . . . . . . . . . . . . . . . . r r r . . . . . . . . . . . . . . . . . . . . . . . . . . . . . r r r .
. . . . . . . . . . . . . . . . . . . . . . . . r s r . . . . . . . . . . . . . . . . . . . . . . . . . . . . . . . . .
. . . . . . . . . . . . . . . . . . . . . . . . r r r . . . . . . . . . . . . . . . . . . . . . . . . . . . . . . . . .
. . . . . . . . . . . . . . . . . . . . . . . . . . . . . . . . . . . . . . . . . . . . . . . . . . . . . . . . . . . .
. . . . . . . . . . . . . . . . . . . . . . . . . . . . . . . . . . . . . . . . . . . . . . . . . . . . . . . . . . . .
. . . . . . . . . . . . . . . . . . . . . . . . . . . . . . . . . . . . . . . . . . . . . . . . . . . . . . . . . . . .
. . . . . . . . . . . . . . . . . . . . . . . . . . . . . . . . . . . . . . . . . . . . . . . . . . . . . . . . . . . .
s . . . . . . . . . . . . . . . . . . . . . . . . . . . . . . . . . . . . . . . . . . . . . . . . . . . . . . . . . . .
. . . . . . . . . . . . . . . . . . . . . . . . . . . . . . . . . . . . . . . . . . . . . . . . . . . . . . . . . . . .
. s . . . . . . . . . . . . . . . . . . . . . . . . . . . . . r r r . . . . . . . . . . . . . . . . . . . . . . . . . .
. . s . . . . . . . . . . . . . . . . . . . . . . . . . . . . r s r . . . . . . . . . . . . . . . . . . . . . . . . . .
. . . . . . . . . . . . . . . . . . . . . . . . . . . . . . . r r r . . . . . . . . . . . . . . . . . . . . . . . . . .
. . . . . . . . . . . . . . . . . . . . . . . . . . . r r r . . . . . . . . . . . . . . . . . . . . . . . . . . . . . .
. . . . . . . . . . . . . . . . . . . . . . . . . . . r s r . . . . . . . . . . . . . . . . . . . . . . . . . . . . . .
. . . . . . . . . . . . . . . . . . . . . . . r r r . r r r . . . . . . . . . . . . . . . . . . . . . . . . . . . . . .
. . . . . . . . . . . . . . . . . . . . . . . r s r . . . . . . . . . . . . . . . . . . . . . . . . . . . . . . . . . .
. . . . . . . . . . . . . r r r . . . . . . . r r r . . . . . . . . . . . . . . . . . . . . . . . . . . . . . . . . . .
. . . . . . . . . . . . . r s r . . . . . . . . . . . . . . . . . . . . . . . . . . . . . . . . . . . . . . . . . . . .
. . . r r r . . . . . . . r r r . . . . . . . . . . . . . . . . . . . . . . . . . . . . . . . . . . . r r r . . . . . .
. . . r s r . . . . . . . . . . . . . . . . . . . . . . . . . . . . . . . . . . . . . . . . . . . . . r s r . . . . . .
. . . r r r . . . . . . . . . . . . . . . . . . . . . . . . . . . . . . . . . . . . . . . . . . . . . r r r . . . . . .
. r r r . . . . . . . . . . . . . . . . . . . . . . . . . . . . . . . . . . . . . . . . . . . . . . . . . . . . . . . .
. r s r . . . . . . . . . . . . . . . . . . . . . . . . . . . . . . . . . . . . . . . . r r r . . . . . . . . . . . . .
. r r r . . . . . . . . . . . . . . . . . . . . . . . . . . . . . . . . . . . . . . . . r s r . . . . . r r r . . . . .
. . . . . . . . . . . . . . . . . . . . . . . . . . . . . . . . . . . . . . . . . . . . r r r . . . . . r s r . . . . .
. . . . . . . . . . . . . s . . . . . . . . . . . . . . . . . . . . . . . . . . . . . . . . . . . . . . r r r . . . . .

=== level ===
w w w w w w w w w w w w w w w w w w w w w w w w w w w w w w w w w w w w w w w w w w w w w w w w w w w w w w w w w w w w
w w w w w w w w w w w w w w w w w w w w w w w w w w w w w w w w w w w w w w w w w w w w w w w w w w w w w w w w w w w w
w w w w w w w w w w w w w w w w w w w w w w w w w w w w w w w w w w w w w w w w w w w w w w w w w w w w w w w w f f f w
w w w w w w w w w w w w w w w w w w w w w w w w w w w w w w w w w w w w w w w w w w w w w w w w w w w w w w w w f f f w
w w w w w w w w w w w w w w w w w w w w w w w w f f f w w w w w w w w w w w w w w w w w w w w w w w w w w w w w f f f w
w w w w w w w w w w w w w w w w w w w w w w w w f f f w w w w w w w w w w w w w w w w w w w w w w w w w w w w w w w w w
w w w w w w w w w w w w w w w w w w w w w w w w f f f w w w w w w w w w w w w w w w w w w w w w w w w w w w w w w w w w
w w w w w w w w w w w w w w w w w w w w w w w w w w w w w w w w w w w w w w w w w w w w w w w w w w w w w w w w w w w w
w w w w w w w w w w w w w w w w w w w w w w w w w w w w w w w w w w w w w w w w w w w w w w w w w w w w w w w w w w w w
w w w w w w w w w w w w w w w w w w w w w w w w w w w w w w w w w w w w w w w w w w w w w w w w w w w w w w w w w w w w
w w w w w w w w w w w w w w w w w w w w w w w w w w w w w w w w w w w w w w w w w w w w w w w w w w w w w w w w w w w w
f w w w w w w w w w w w w w w w w w w w w w w w w w w w w w w w w w w w w w w w w w w w w w w w w w w w w w w w w w w w
w w w w w w w w w w w w w w w w w w w w w w w w w w w w w w w w w w w w w w w w w w w w w w w w w w w w w w w w w w w w
w f w w w w w w w w w w w w w w w w w w w w w w w w w w w w w f f f w w w w w w w w w w w w w w w w w w w w w w w w w w
w w f w w w w w w w w w w w w w w w w w w w w w w w w w w w w f f f w w w w w w w w w w w w w w w w w w w w w w w w w w
w w w w w w w w w w w w w w w w w w w w w w w w w w w w w w w f f f w w w w w w w w w w w w w w w w w w w w w w w w w w
w w w w w w w w w w w w w w w w w w w w w w w w w w w f f f w w w w w w w w w w w w w w w w w w w w w w w w w w w w w w
w w w w w w w w w w w w w w w w w w w w w w w w w w w f f f w w w w w w w w w w w w w w w w w w w w w w w w w w w w w w
w w w w w w w w w w w w w w w w w w w w w w w f f f w f f f w w w w w w w w w w w w w w w w w w w w w w w w w w w w w w
w w w w w w w w w w w w w w w w w w w w w w w f f f w w w w w w w w w w w w w w w w w w w w w w w w w w w w w w w w w w
w w w w w w w w w w w w w f f f w w w w w w w f f f w w w w w w w w w w w w w w w w w w w w w w w w w w w w w w w w w w
w w w w w w w w w w w w w f f f w w w w w w w w w w w w w w w w w w w w w w w w w w w w w w w w w w w w w w w w w w w w
w w w f f f w w w w w w w f f f w w w w w w w w w w w w w w w w w w w w w w w w w w w w w w w w w w w f f f w w w w w w
w w w f f f w w w w w w w w w w w w w w w w w w w w w w w w w w w w w w w w w w w w w w w w w w w w w f f f w w w w w w
w w w f f f w w w w w w w w w w w w w w w w w w w w w w w w w w w w w w w w w w w w w w w w w w w w w f f f w w w w w w
w f f f w w w w w w w w w w w w w w w w w w w w w w w w w w w w w w w w w w w w w w w w w w w w w w w w w w w w w w w w
w f f f w w w w w w w w w w w w w w w w w w w w w w w w w w w w w w w w w w w w w w w w f f f w w w w w w w w w w w w w
w f f f w w w w w w w w w w w w w w w w w w w w w w w w w w w w w w w w w w w w w w w w f f f w w w w w f f f w w w w w
w w w w w w w w w w w w w w w w w w w w w w w w w w w w w w w w w w w w w w w w w w w w f f f w w w w w f f f w w w w w
w w w w w w w w w w w w w f w w w w w w w w w w w w w w w w w w w w w w w w w w w w w w w w w w w w w w f f f w w w w w

